{
    "artist": "Lijkenpikkers",
    "comments": ["l√ªd cue v1"],
    "title": "Mag dat?",
    "duration": 2830.653,
    "barcode": null,
    "pos": 1,
    "mbid": "https://musicbrainz.org/release/2fddaa2c-61eb-46d4-abf2-1ba80c59e487#_",
    "files": [
        {
            "filename": "disc01a.m4a",
            "format": "WAVE",
            "tracks": [
                {
                    "artist": "Lijkenpikkers",
                    "title": "Heb je al gehoord",
                    "duration": 119.93333333333334,
                    "pos": 1,
                    "pregap": null,
                    "start": {
                        "index": 1,
                        "minutes-seconds-frames": "0:00:00",
                        "seconds": 0
                    }
                },
                {
                    "artist": "Lijkenpikkers",
                    "title": "Op je hoeden",
                    "duration": 335.4533333333333,
                    "pos": 2,
                    "pregap": null,
                    "start": {
                        "index": 1,
                        "minutes-seconds-frames": "1:59:70",
                        "seconds": 119.93333333333334
                    }
                },
                {
                    "artist": "Lijkenpikkers",
                    "title": "Hallisunaties",
                    "duration": 296.85333333333335,
                    "pos": 3,
                    "pregap": null,
                    "start": {
                        "index": 1,
                        "minutes-seconds-frames": "7:35:29",
                        "seconds": 455.38666666666666
                    }
                },
                {
                    "artist": "Lijkenpikkers",
                    "title": "Eng doen",
                    "duration": 262.84000000000003,
                    "pos": 4,
                    "pregap": null,
                    "start": {
                        "index": 1,
                        "minutes-seconds-frames": "12:32:18",
                        "seconds": 752.24
                    }
                },
                {
                    "artist": "Lijkenpikkers",
                    "title": "Het gaat niet over rozen",
                    "duration": 264.38666666666666,
                    "pos": 5,
                    "pregap": null,
                    "start": {
                        "index": 1,
                        "minutes-seconds-frames": "16:55:06",
                        "seconds": 1015.08
                    }
                },
                {
                    "artist": "Lijkenpikkers",
                    "title": "De slechtste",
                    "duration": null,
                    "pos": 6,
                    "pregap": null,
                    "start": {
                        "index": 1,
                        "minutes-seconds-frames": "21:19:35",
                        "seconds": 1279.4666666666667
                    }
                }
            ]
        },
        {
            "filename": "disc01b.m4a",
            "format": "WAVE",
            "tracks": [
                {
                    "artist": "Lijkenpikkers",
                    "title": "Klappen",
                    "duration": 367.8933333333333,
                    "pos": 7,
                    "pregap": null,
                    "start": {
                        "index": 1,
                        "minutes-seconds-frames": "0:00:00",
                        "seconds": 0
                    }
                },
                {
                    "artist": "Lijkenpikkers",
                    "title": "Wijven",
                    "duration": 414.80000000000007,
                    "pos": 8,
                    "pregap": null,
                    "start": {
                        "index": 1,
                        "minutes-seconds-frames": "6:07:67",
                        "seconds": 367.8933333333333
                    }
                },
                {
                    "artist": "Lijkenpikkers",
                    "title": "Syndroom van touret",
                    "duration": 152.61333333333323,
                    "pos": 9,
                    "pregap": null,
                    "start": {
                        "index": 1,
                        "minutes-seconds-frames": "13:02:52",
                        "seconds": 782.6933333333334
                    }
                },
                {
                    "artist": "Lijkenpikkers",
                    "title": "Laat me met rust",
                    "duration": 264.74666666666667,
                    "pos": 10,
                    "pregap": null,
                    "start": {
                        "index": 1,
                        "minutes-seconds-frames": "15:35:23",
                        "seconds": 935.3066666666666
                    }
                },
                {
                    "artist": "Lijkenpikkers",
                    "title": "Het doek valt",
                    "duration": null,
                    "pos": 11,
                    "pregap": null,
                    "start": {
                        "index": 1,
                        "minutes-seconds-frames": "20:00:04",
                        "seconds": 1200.0533333333333
                    }
                }
            ]
        }
    ]
}
